// Jest Snapshot v1, https://goo.gl/fbAQLP

exports[`Advanced Search rendering matches snapshot 1`] = `
ShallowWrapper {
  "length": 1,
  Symbol(enzyme.__root__): [Circular],
  Symbol(enzyme.__unrendered__): <AdvancedSearch
    enabled={false}
    onAdvancedSearchChange={[MockFunction]}
    onFilterChange={[MockFunction]}
    reportSuites={
      Array [
        Object {
          "dataSourceIds": 1696,
          "idType": "COOKIE",
          "integrationCode": "{\\"suite\\":\\"Administrator\\", \\"datacenter\\":\\"microchip\\"}",
          "name": "datasource-cross-media",
          "pid": 51083,
          "type": "GENERAL",
        },
        Object {
          "dataSourceIds": 2620,
          "idType": "COOKIE",
          "integrationCode": "{\\"suite\\":\\"Representative\\", \\"datacenter\\":\\"conglomeration\\"}",
          "name": "datasource-impactful",
          "pid": 52229,
          "type": "GENERAL",
        },
      ]
    }
    sourceName="test"
  />,
  Symbol(enzyme.__renderer__): Object {
    "batchedUpdates": [Function],
    "getNode": [Function],
    "render": [Function],
    "simulateEvent": [Function],
    "unmount": [Function],
  },
  Symbol(enzyme.__node__): Object {
    "instance": null,
    "key": undefined,
    "nodeType": "host",
    "props": Object {
      "children": Array [
        <Switch
          aria-label="Advanced Search"
          checked={false}
          className="advanced-search-toggle"
          data-test="advanced-search-toggle"
          label="Advanced search for Adobe Analytics. Search by key/value names and results in:"
          onChange={[MockFunction]}
        />,
        <ComboBox
          data-test="advanced-search-filter"
          disabled={true}
          invalid={false}
          onChange={[MockFunction]}
          onSelect={[Function]}
          options={
            Array [
              "datasource-cross-media",
              "datasource-impactful",
            ]
          }
          placeholder="Filter by report suite"
          quiet={true}
          required={false}
          value=""
        />,
      ],
      "data-test": "advanced-search",
    },
    "ref": null,
    "rendered": Array [
      Object {
        "instance": null,
        "key": undefined,
        "nodeType": "function",
        "props": Object {
          "aria-label": "Advanced Search",
          "checked": false,
          "className": "advanced-search-toggle",
          "data-test": "advanced-search-toggle",
          "label": "Advanced search for Adobe Analytics. Search by key/value names and results in:",
          "onChange": [MockFunction],
        },
        "ref": null,
        "rendered": null,
        "type": [Function],
      },
      Object {
        "instance": null,
        "key": undefined,
        "nodeType": "class",
        "props": Object {
          "data-test": "advanced-search-filter",
          "disabled": true,
          "invalid": false,
          "onChange": [MockFunction],
          "onSelect": [Function],
          "options": Array [
            "datasource-cross-media",
            "datasource-impactful",
          ],
          "placeholder": "Filter by report suite",
          "quiet": true,
          "required": false,
          "value": "",
        },
        "ref": null,
        "rendered": null,
        "type": [Function],
      },
    ],
    "type": "div",
  },
  Symbol(enzyme.__nodes__): Array [
    Object {
      "instance": null,
      "key": undefined,
      "nodeType": "host",
      "props": Object {
        "children": Array [
          <Switch
            aria-label="Advanced Search"
            checked={false}
            className="advanced-search-toggle"
            data-test="advanced-search-toggle"
            label="Advanced search for Adobe Analytics. Search by key/value names and results in:"
            onChange={[MockFunction]}
          />,
          <ComboBox
            data-test="advanced-search-filter"
            disabled={true}
            invalid={false}
            onChange={[MockFunction]}
            onSelect={[Function]}
            options={
              Array [
                "datasource-cross-media",
                "datasource-impactful",
              ]
            }
            placeholder="Filter by report suite"
            quiet={true}
            required={false}
            value=""
          />,
        ],
        "data-test": "advanced-search",
      },
      "ref": null,
      "rendered": Array [
        Object {
          "instance": null,
          "key": undefined,
          "nodeType": "function",
          "props": Object {
            "aria-label": "Advanced Search",
            "checked": false,
            "className": "advanced-search-toggle",
            "data-test": "advanced-search-toggle",
            "label": "Advanced search for Adobe Analytics. Search by key/value names and results in:",
            "onChange": [MockFunction],
          },
          "ref": null,
          "rendered": null,
          "type": [Function],
        },
        Object {
          "instance": null,
          "key": undefined,
          "nodeType": "class",
          "props": Object {
            "data-test": "advanced-search-filter",
            "disabled": true,
            "invalid": false,
            "onChange": [MockFunction],
            "onSelect": [Function],
            "options": Array [
              "datasource-cross-media",
              "datasource-impactful",
            ],
            "placeholder": "Filter by report suite",
            "quiet": true,
            "required": false,
            "value": "",
          },
          "ref": null,
          "rendered": null,
          "type": [Function],
        },
      ],
      "type": "div",
    },
  ],
  Symbol(enzyme.__options__): Object {
    "adapter": ReactSixteenAdapter {
      "options": Object {
        "enableComponentDidUpdateOnSetState": true,
      },
    },
  },
}
`;
