// Jest Snapshot v1, https://goo.gl/fbAQLP

exports[`Advanced Search rendering matches snapshot 1`] = `
ShallowWrapper {
  "length": 1,
  Symbol(enzyme.__root__): [Circular],
  Symbol(enzyme.__unrendered__): <AdvancedSearch
    enabled={false}
    onAdvancedSearchChange={[MockFunction]}
    onFilterChange={[MockFunction]}
  />,
  Symbol(enzyme.__renderer__): Object {
    "batchedUpdates": [Function],
    "getNode": [Function],
    "render": [Function],
    "simulateEvent": [Function],
    "unmount": [Function],
  },
  Symbol(enzyme.__node__): Object {
    "instance": null,
    "key": undefined,
    "nodeType": "host",
    "props": Object {
      "children": Array [
        <Switch
          aria-label="Advanced Search"
          checked={false}
          label="Advanced search for Adobe Analytics. Search by key/value names and results in:"
          onChange={[MockFunction]}
        />,
        <ComboBox
          disabled={true}
          invalid={false}
          onChange={[MockFunction]}
          options={Array []}
          placeholder="Filter by report suite"
          quiet={true}
          required={false}
        />,
      ],
    },
    "ref": null,
    "rendered": Array [
      Object {
        "instance": null,
        "key": undefined,
        "nodeType": "function",
        "props": Object {
          "aria-label": "Advanced Search",
          "checked": false,
          "label": "Advanced search for Adobe Analytics. Search by key/value names and results in:",
          "onChange": [MockFunction],
        },
        "ref": null,
        "rendered": null,
        "type": [Function],
      },
      Object {
        "instance": null,
        "key": undefined,
        "nodeType": "class",
        "props": Object {
          "disabled": true,
          "invalid": false,
          "onChange": [MockFunction],
          "options": Array [],
          "placeholder": "Filter by report suite",
          "quiet": true,
          "required": false,
        },
        "ref": null,
        "rendered": null,
        "type": [Function],
      },
    ],
    "type": "div",
  },
  Symbol(enzyme.__nodes__): Array [
    Object {
      "instance": null,
      "key": undefined,
      "nodeType": "host",
      "props": Object {
        "children": Array [
          <Switch
            aria-label="Advanced Search"
            checked={false}
            label="Advanced search for Adobe Analytics. Search by key/value names and results in:"
            onChange={[MockFunction]}
          />,
          <ComboBox
            disabled={true}
            invalid={false}
            onChange={[MockFunction]}
            options={Array []}
            placeholder="Filter by report suite"
            quiet={true}
            required={false}
          />,
        ],
      },
      "ref": null,
      "rendered": Array [
        Object {
          "instance": null,
          "key": undefined,
          "nodeType": "function",
          "props": Object {
            "aria-label": "Advanced Search",
            "checked": false,
            "label": "Advanced search for Adobe Analytics. Search by key/value names and results in:",
            "onChange": [MockFunction],
          },
          "ref": null,
          "rendered": null,
          "type": [Function],
        },
        Object {
          "instance": null,
          "key": undefined,
          "nodeType": "class",
          "props": Object {
            "disabled": true,
            "invalid": false,
            "onChange": [MockFunction],
            "options": Array [],
            "placeholder": "Filter by report suite",
            "quiet": true,
            "required": false,
          },
          "ref": null,
          "rendered": null,
          "type": [Function],
        },
      ],
      "type": "div",
    },
  ],
  Symbol(enzyme.__options__): Object {
    "adapter": ReactSixteenAdapter {
      "options": Object {
        "enableComponentDidUpdateOnSetState": true,
      },
    },
  },
}
`;
