// Jest Snapshot v1, https://goo.gl/fbAQLP

exports[`Advanced Search rendering matches snapshot 1`] = `
ShallowWrapper {
  "length": 1,
  Symbol(enzyme.__root__): [Circular],
  Symbol(enzyme.__unrendered__): <AdvancedSearch
    enabled={false}
    onAdvancedSearchChange={[MockFunction]}
    onFilterChange={[MockFunction]}
    onFilterSelect={[MockFunction]}
    reportSuites={
      Array [
        Object {
          "dataSourceId": 168815,
          "datacenter": "sin",
          "name": "Test Report Suite Edited1505153440289",
          "pid": 1194,
          "suite": "test-report-suite-edited1505153440289",
        },
        Object {
          "dataSourceId": 169626,
          "datacenter": "sin",
          "name": "Test Report Suite Edited1505154745046",
          "pid": 1194,
          "suite": "test-report-suite-edited1505154745046",
        },
      ]
    }
    sourceName="test"
  />,
  Symbol(enzyme.__renderer__): Object {
    "batchedUpdates": [Function],
    "getNode": [Function],
    "render": [Function],
    "simulateEvent": [Function],
    "unmount": [Function],
  },
  Symbol(enzyme.__node__): Object {
    "instance": null,
    "key": undefined,
    "nodeType": "host",
    "props": Object {
      "children": Array [
        <span>
          Search and see results in friendly names:  
        </span>,
        <ComboBox
          data-test="advanced-search-filter"
          disabled={true}
          invalid={false}
          onChange={[MockFunction]}
          onSelect={[Function]}
          options={
            Array [
              "Test Report Suite Edited1505153440289",
              "Test Report Suite Edited1505154745046",
            ]
          }
          placeholder="Filter by report suite"
          quiet={true}
          required={false}
          value=""
        />,
      ],
      "className": undefined,
      "data-test": "advanced-search",
    },
    "ref": null,
    "rendered": Array [
      Object {
        "instance": null,
        "key": undefined,
        "nodeType": "host",
        "props": Object {
          "children": "Search and see results in friendly names:  ",
        },
        "ref": null,
        "rendered": "Search and see results in friendly names:  ",
        "type": "span",
      },
      Object {
        "instance": null,
        "key": undefined,
        "nodeType": "class",
        "props": Object {
          "data-test": "advanced-search-filter",
          "disabled": true,
          "invalid": false,
          "onChange": [MockFunction],
          "onSelect": [Function],
          "options": Array [
            "Test Report Suite Edited1505153440289",
            "Test Report Suite Edited1505154745046",
          ],
          "placeholder": "Filter by report suite",
          "quiet": true,
          "required": false,
          "value": "",
        },
        "ref": null,
        "rendered": null,
        "type": [Function],
      },
    ],
    "type": "div",
  },
  Symbol(enzyme.__nodes__): Array [
    Object {
      "instance": null,
      "key": undefined,
      "nodeType": "host",
      "props": Object {
        "children": Array [
          <span>
            Search and see results in friendly names:  
          </span>,
          <ComboBox
            data-test="advanced-search-filter"
            disabled={true}
            invalid={false}
            onChange={[MockFunction]}
            onSelect={[Function]}
            options={
              Array [
                "Test Report Suite Edited1505153440289",
                "Test Report Suite Edited1505154745046",
              ]
            }
            placeholder="Filter by report suite"
            quiet={true}
            required={false}
            value=""
          />,
        ],
        "className": undefined,
        "data-test": "advanced-search",
      },
      "ref": null,
      "rendered": Array [
        Object {
          "instance": null,
          "key": undefined,
          "nodeType": "host",
          "props": Object {
            "children": "Search and see results in friendly names:  ",
          },
          "ref": null,
          "rendered": "Search and see results in friendly names:  ",
          "type": "span",
        },
        Object {
          "instance": null,
          "key": undefined,
          "nodeType": "class",
          "props": Object {
            "data-test": "advanced-search-filter",
            "disabled": true,
            "invalid": false,
            "onChange": [MockFunction],
            "onSelect": [Function],
            "options": Array [
              "Test Report Suite Edited1505153440289",
              "Test Report Suite Edited1505154745046",
            ],
            "placeholder": "Filter by report suite",
            "quiet": true,
            "required": false,
            "value": "",
          },
          "ref": null,
          "rendered": null,
          "type": [Function],
        },
      ],
      "type": "div",
    },
  ],
  Symbol(enzyme.__options__): Object {
    "adapter": ReactSixteenAdapter {
      "options": Object {
        "enableComponentDidUpdateOnSetState": true,
      },
    },
  },
}
`;
