// Jest Snapshot v1, https://goo.gl/fbAQLP

exports[`<SavedSearchPopover /> component rendering matches snapshot 1`] = `
ShallowWrapper {
  "length": 1,
  Symbol(enzyme.__root__): [Circular],
  Symbol(enzyme.__unrendered__): <SavedSearchPopover
    deleteSearch={[MockFunction]}
    intl={
      Object {
        "defaultFormats": Object {},
        "defaultLocale": "en",
        "formatDate": [Function],
        "formatHTMLMessage": [Function],
        "formatMessage": [Function],
        "formatNumber": [Function],
        "formatPlural": [Function],
        "formatRelative": [Function],
        "formatTime": [Function],
        "formats": Object {},
        "formatters": Object {
          "getDateTimeFormat": [Function],
          "getMessageFormat": [Function],
          "getNumberFormat": [Function],
          "getPluralFormat": [Function],
          "getRelativeFormat": [Function],
        },
        "locale": "en",
        "messages": Object {
          "components.Layout.title": "Signals",
        },
        "now": [Function],
        "textComponent": "span",
      }
    }
    isCurrentSearch={false}
    onSavedSearchClick={[MockFunction]}
    search={
      Object {
        "keyValuePairs": Array [
          Object {
            "key": "k-Licensed",
            "operator": ">=",
            "value": 67425,
          },
          Object {
            "key": "k-Gorgeous Wooden Shirt",
            "operator": "<=",
            "value": 98397,
          },
        ],
        "minEventFires": 88991,
        "name": "Loren Waters",
        "signalStatus": "USED",
        "sortBy": "percentageChange",
        "source": Object {
          "dataSourceIds": Array [],
          "reportSuiteIds": Array [],
          "sourceType": null,
        },
        "viewRecordsFor": "7D",
      }
    }
  />,
  Symbol(enzyme.__renderer__): Object {
    "batchedUpdates": [Function],
    "getNode": [Function],
    "render": [Function],
    "simulateEvent": [Function],
    "unmount": [Function],
  },
  Symbol(enzyme.__node__): Object {
    "instance": null,
    "key": undefined,
    "nodeType": "host",
    "props": Object {
      "children": Array [
        <OverlayTrigger
          boundariesElement={[Function]}
          crossOffset={0}
          data-test="saved-search-overlay-trigger"
          defaultShow={false}
          disabled={false}
          flip={true}
          offset={0}
          placement="left"
          trigger="hover"
        >
          <Tag
            className={undefined}
            data-test="saved-search-tag"
            id={null}
            onClick={[Function]}
            value="Loren Waters"
          />
          <Popover
            data-test="saved-search-popover"
            open={true}
            placement="bottom"
            title="Loren Waters"
            trapFocus={true}
            variant="default"
          >
            <Heading
              className={undefined}
              size="5"
            >
              Name
            </Heading>
            <div>
              Loren Waters
            </div>
            <Heading
              className={undefined}
              size="5"
            >
              Search Query
            </Heading>
            <div>
              "k-Licensed"&gt;="67425" AND "k-Gorgeous Wooden Shirt"&lt;="98397"
            </div>
            <Heading
              className={undefined}
              size="5"
            >
              Filters
            </Heading>
            <div>
              <FieldLabel
                label="Signal Status"
                position="left"
              >
                <span
                  style={
                    Object {
                      "verticalAlign": "bottom",
                    }
                  }
                >
                  Signals Included in Traits
                </span>
              </FieldLabel>
              <FieldLabel
                label="Signal Category"
                position="left"
              >
                <span
                  style={
                    Object {
                      "verticalAlign": "bottom",
                    }
                  }
                >
                  Real-Time
                </span>
              </FieldLabel>
              <FieldLabel
                label="View Records For"
                position="left"
              >
                <span
                  style={
                    Object {
                      "verticalAlign": "bottom",
                    }
                  }
                >
                  Last 7 Days
                </span>
              </FieldLabel>
            </div>
            <Heading
              className={undefined}
              size="5"
            >
              Sorting
            </Heading>
            <div>
              Percentage Change
            </div>
          </Popover>
        </OverlayTrigger>,
        false,
      ],
      "className": undefined,
    },
    "ref": null,
    "rendered": Array [
      Object {
        "instance": null,
        "key": undefined,
        "nodeType": "class",
        "props": Object {
          "boundariesElement": [Function],
          "children": Array [
            <Tag
              className={undefined}
              data-test="saved-search-tag"
              id={null}
              onClick={[Function]}
              value="Loren Waters"
            />,
            <Popover
              data-test="saved-search-popover"
              open={true}
              placement="bottom"
              title="Loren Waters"
              trapFocus={true}
              variant="default"
            >
              <Heading
                className={undefined}
                size="5"
              >
                Name
              </Heading>
              <div>
                Loren Waters
              </div>
              <Heading
                className={undefined}
                size="5"
              >
                Search Query
              </Heading>
              <div>
                "k-Licensed"&gt;="67425" AND "k-Gorgeous Wooden Shirt"&lt;="98397"
              </div>
              <Heading
                className={undefined}
                size="5"
              >
                Filters
              </Heading>
              <div>
                <FieldLabel
                  label="Signal Status"
                  position="left"
                >
                  <span
                    style={
                      Object {
                        "verticalAlign": "bottom",
                      }
                    }
                  >
                    Signals Included in Traits
                  </span>
                </FieldLabel>
                <FieldLabel
                  label="Signal Category"
                  position="left"
                >
                  <span
                    style={
                      Object {
                        "verticalAlign": "bottom",
                      }
                    }
                  >
                    Real-Time
                  </span>
                </FieldLabel>
                <FieldLabel
                  label="View Records For"
                  position="left"
                >
                  <span
                    style={
                      Object {
                        "verticalAlign": "bottom",
                      }
                    }
                  >
                    Last 7 Days
                  </span>
                </FieldLabel>
              </div>
              <Heading
                className={undefined}
                size="5"
              >
                Sorting
              </Heading>
              <div>
                Percentage Change
              </div>
            </Popover>,
          ],
          "crossOffset": 0,
          "data-test": "saved-search-overlay-trigger",
          "defaultShow": false,
          "disabled": false,
          "flip": true,
          "offset": 0,
          "placement": "left",
          "trigger": "hover",
        },
        "ref": null,
        "rendered": Array [
          Object {
            "instance": null,
            "key": "Loren Waters",
            "nodeType": "function",
            "props": Object {
              "className": undefined,
              "data-test": "saved-search-tag",
              "id": null,
              "onClick": [Function],
              "value": "Loren Waters",
            },
            "ref": null,
            "rendered": null,
            "type": [Function],
          },
          Object {
            "instance": null,
            "key": undefined,
            "nodeType": "class",
            "props": Object {
              "children": Array [
                <Heading
                  className={undefined}
                  size="5"
                >
                  Name
                </Heading>,
                <div>
                  Loren Waters
                </div>,
                <Heading
                  className={undefined}
                  size="5"
                >
                  Search Query
                </Heading>,
                <div>
                  "k-Licensed"&gt;="67425" AND "k-Gorgeous Wooden Shirt"&lt;="98397"
                </div>,
                <Heading
                  className={undefined}
                  size="5"
                >
                  Filters
                </Heading>,
                <div>
                  <FieldLabel
                    label="Signal Status"
                    position="left"
                  >
                    <span
                      style={
                        Object {
                          "verticalAlign": "bottom",
                        }
                      }
                    >
                      Signals Included in Traits
                    </span>
                  </FieldLabel>
                  <FieldLabel
                    label="Signal Category"
                    position="left"
                  >
                    <span
                      style={
                        Object {
                          "verticalAlign": "bottom",
                        }
                      }
                    >
                      Real-Time
                    </span>
                  </FieldLabel>
                  <FieldLabel
                    label="View Records For"
                    position="left"
                  >
                    <span
                      style={
                        Object {
                          "verticalAlign": "bottom",
                        }
                      }
                    >
                      Last 7 Days
                    </span>
                  </FieldLabel>
                </div>,
                <Heading
                  className={undefined}
                  size="5"
                >
                  Sorting
                </Heading>,
                <div>
                  Percentage Change
                </div>,
              ],
              "data-test": "saved-search-popover",
              "open": true,
              "placement": "bottom",
              "title": "Loren Waters",
              "trapFocus": true,
              "variant": "default",
            },
            "ref": null,
            "rendered": Array [
              Object {
                "instance": null,
                "key": undefined,
                "nodeType": "function",
                "props": Object {
                  "children": "Name",
                  "className": undefined,
                  "size": "5",
                },
                "ref": null,
                "rendered": "Name",
                "type": [Function],
              },
              Object {
                "instance": null,
                "key": undefined,
                "nodeType": "host",
                "props": Object {
                  "children": "Loren Waters",
                },
                "ref": null,
                "rendered": "Loren Waters",
                "type": "div",
              },
              Object {
                "instance": null,
                "key": undefined,
                "nodeType": "function",
                "props": Object {
                  "children": "Search Query",
                  "className": undefined,
                  "size": "5",
                },
                "ref": null,
                "rendered": "Search Query",
                "type": [Function],
              },
              Object {
                "instance": null,
                "key": undefined,
                "nodeType": "host",
                "props": Object {
                  "children": "\\"k-Licensed\\">=\\"67425\\" AND \\"k-Gorgeous Wooden Shirt\\"<=\\"98397\\"",
                },
                "ref": null,
                "rendered": "\\"k-Licensed\\">=\\"67425\\" AND \\"k-Gorgeous Wooden Shirt\\"<=\\"98397\\"",
                "type": "div",
              },
              Object {
                "instance": null,
                "key": undefined,
                "nodeType": "function",
                "props": Object {
                  "children": "Filters",
                  "className": undefined,
                  "size": "5",
                },
                "ref": null,
                "rendered": "Filters",
                "type": [Function],
              },
              Object {
                "instance": null,
                "key": undefined,
                "nodeType": "host",
                "props": Object {
                  "children": Array [
                    <FieldLabel
                      label="Signal Status"
                      position="left"
                    >
                      <span
                        style={
                          Object {
                            "verticalAlign": "bottom",
                          }
                        }
                      >
                        Signals Included in Traits
                      </span>
                    </FieldLabel>,
                    <FieldLabel
                      label="Signal Category"
                      position="left"
                    >
                      <span
                        style={
                          Object {
                            "verticalAlign": "bottom",
                          }
                        }
                      >
                        Real-Time
                      </span>
                    </FieldLabel>,
                    null,
                    null,
                    <FieldLabel
                      label="View Records For"
                      position="left"
                    >
                      <span
                        style={
                          Object {
                            "verticalAlign": "bottom",
                          }
                        }
                      >
                        Last 7 Days
                      </span>
                    </FieldLabel>,
                  ],
                },
                "ref": null,
                "rendered": Array [
                  Object {
                    "instance": null,
                    "key": undefined,
                    "nodeType": "function",
                    "props": Object {
                      "children": <span
                        style={
                          Object {
                            "verticalAlign": "bottom",
                          }
                        }
                      >
                        Signals Included in Traits
                      </span>,
                      "label": "Signal Status",
                      "position": "left",
                    },
                    "ref": null,
                    "rendered": Object {
                      "instance": null,
                      "key": undefined,
                      "nodeType": "host",
                      "props": Object {
                        "children": "Signals Included in Traits",
                        "style": Object {
                          "verticalAlign": "bottom",
                        },
                      },
                      "ref": null,
                      "rendered": "Signals Included in Traits",
                      "type": "span",
                    },
                    "type": [Function],
                  },
                  Object {
                    "instance": null,
                    "key": undefined,
                    "nodeType": "function",
                    "props": Object {
                      "children": <span
                        style={
                          Object {
                            "verticalAlign": "bottom",
                          }
                        }
                      >
                        Real-Time
                      </span>,
                      "label": "Signal Category",
                      "position": "left",
                    },
                    "ref": null,
                    "rendered": Object {
                      "instance": null,
                      "key": undefined,
                      "nodeType": "host",
                      "props": Object {
                        "children": "Real-Time",
                        "style": Object {
                          "verticalAlign": "bottom",
                        },
                      },
                      "ref": null,
                      "rendered": "Real-Time",
                      "type": "span",
                    },
                    "type": [Function],
                  },
                  null,
                  null,
                  Object {
                    "instance": null,
                    "key": undefined,
                    "nodeType": "function",
                    "props": Object {
                      "children": <span
                        style={
                          Object {
                            "verticalAlign": "bottom",
                          }
                        }
                      >
                        Last 7 Days
                      </span>,
                      "label": "View Records For",
                      "position": "left",
                    },
                    "ref": null,
                    "rendered": Object {
                      "instance": null,
                      "key": undefined,
                      "nodeType": "host",
                      "props": Object {
                        "children": "Last 7 Days",
                        "style": Object {
                          "verticalAlign": "bottom",
                        },
                      },
                      "ref": null,
                      "rendered": "Last 7 Days",
                      "type": "span",
                    },
                    "type": [Function],
                  },
                ],
                "type": "div",
              },
              Object {
                "instance": null,
                "key": undefined,
                "nodeType": "function",
                "props": Object {
                  "children": "Sorting",
                  "className": undefined,
                  "size": "5",
                },
                "ref": null,
                "rendered": "Sorting",
                "type": [Function],
              },
              Object {
                "instance": null,
                "key": undefined,
                "nodeType": "host",
                "props": Object {
                  "children": "Percentage Change",
                },
                "ref": null,
                "rendered": "Percentage Change",
                "type": "div",
              },
            ],
            "type": [Function],
          },
        ],
        "type": [Function],
      },
      false,
    ],
    "type": "span",
  },
  Symbol(enzyme.__nodes__): Array [
    Object {
      "instance": null,
      "key": undefined,
      "nodeType": "host",
      "props": Object {
        "children": Array [
          <OverlayTrigger
            boundariesElement={[Function]}
            crossOffset={0}
            data-test="saved-search-overlay-trigger"
            defaultShow={false}
            disabled={false}
            flip={true}
            offset={0}
            placement="left"
            trigger="hover"
          >
            <Tag
              className={undefined}
              data-test="saved-search-tag"
              id={null}
              onClick={[Function]}
              value="Loren Waters"
            />
            <Popover
              data-test="saved-search-popover"
              open={true}
              placement="bottom"
              title="Loren Waters"
              trapFocus={true}
              variant="default"
            >
              <Heading
                className={undefined}
                size="5"
              >
                Name
              </Heading>
              <div>
                Loren Waters
              </div>
              <Heading
                className={undefined}
                size="5"
              >
                Search Query
              </Heading>
              <div>
                "k-Licensed"&gt;="67425" AND "k-Gorgeous Wooden Shirt"&lt;="98397"
              </div>
              <Heading
                className={undefined}
                size="5"
              >
                Filters
              </Heading>
              <div>
                <FieldLabel
                  label="Signal Status"
                  position="left"
                >
                  <span
                    style={
                      Object {
                        "verticalAlign": "bottom",
                      }
                    }
                  >
                    Signals Included in Traits
                  </span>
                </FieldLabel>
                <FieldLabel
                  label="Signal Category"
                  position="left"
                >
                  <span
                    style={
                      Object {
                        "verticalAlign": "bottom",
                      }
                    }
                  >
                    Real-Time
                  </span>
                </FieldLabel>
                <FieldLabel
                  label="View Records For"
                  position="left"
                >
                  <span
                    style={
                      Object {
                        "verticalAlign": "bottom",
                      }
                    }
                  >
                    Last 7 Days
                  </span>
                </FieldLabel>
              </div>
              <Heading
                className={undefined}
                size="5"
              >
                Sorting
              </Heading>
              <div>
                Percentage Change
              </div>
            </Popover>
          </OverlayTrigger>,
          false,
        ],
        "className": undefined,
      },
      "ref": null,
      "rendered": Array [
        Object {
          "instance": null,
          "key": undefined,
          "nodeType": "class",
          "props": Object {
            "boundariesElement": [Function],
            "children": Array [
              <Tag
                className={undefined}
                data-test="saved-search-tag"
                id={null}
                onClick={[Function]}
                value="Loren Waters"
              />,
              <Popover
                data-test="saved-search-popover"
                open={true}
                placement="bottom"
                title="Loren Waters"
                trapFocus={true}
                variant="default"
              >
                <Heading
                  className={undefined}
                  size="5"
                >
                  Name
                </Heading>
                <div>
                  Loren Waters
                </div>
                <Heading
                  className={undefined}
                  size="5"
                >
                  Search Query
                </Heading>
                <div>
                  "k-Licensed"&gt;="67425" AND "k-Gorgeous Wooden Shirt"&lt;="98397"
                </div>
                <Heading
                  className={undefined}
                  size="5"
                >
                  Filters
                </Heading>
                <div>
                  <FieldLabel
                    label="Signal Status"
                    position="left"
                  >
                    <span
                      style={
                        Object {
                          "verticalAlign": "bottom",
                        }
                      }
                    >
                      Signals Included in Traits
                    </span>
                  </FieldLabel>
                  <FieldLabel
                    label="Signal Category"
                    position="left"
                  >
                    <span
                      style={
                        Object {
                          "verticalAlign": "bottom",
                        }
                      }
                    >
                      Real-Time
                    </span>
                  </FieldLabel>
                  <FieldLabel
                    label="View Records For"
                    position="left"
                  >
                    <span
                      style={
                        Object {
                          "verticalAlign": "bottom",
                        }
                      }
                    >
                      Last 7 Days
                    </span>
                  </FieldLabel>
                </div>
                <Heading
                  className={undefined}
                  size="5"
                >
                  Sorting
                </Heading>
                <div>
                  Percentage Change
                </div>
              </Popover>,
            ],
            "crossOffset": 0,
            "data-test": "saved-search-overlay-trigger",
            "defaultShow": false,
            "disabled": false,
            "flip": true,
            "offset": 0,
            "placement": "left",
            "trigger": "hover",
          },
          "ref": null,
          "rendered": Array [
            Object {
              "instance": null,
              "key": "Loren Waters",
              "nodeType": "function",
              "props": Object {
                "className": undefined,
                "data-test": "saved-search-tag",
                "id": null,
                "onClick": [Function],
                "value": "Loren Waters",
              },
              "ref": null,
              "rendered": null,
              "type": [Function],
            },
            Object {
              "instance": null,
              "key": undefined,
              "nodeType": "class",
              "props": Object {
                "children": Array [
                  <Heading
                    className={undefined}
                    size="5"
                  >
                    Name
                  </Heading>,
                  <div>
                    Loren Waters
                  </div>,
                  <Heading
                    className={undefined}
                    size="5"
                  >
                    Search Query
                  </Heading>,
                  <div>
                    "k-Licensed"&gt;="67425" AND "k-Gorgeous Wooden Shirt"&lt;="98397"
                  </div>,
                  <Heading
                    className={undefined}
                    size="5"
                  >
                    Filters
                  </Heading>,
                  <div>
                    <FieldLabel
                      label="Signal Status"
                      position="left"
                    >
                      <span
                        style={
                          Object {
                            "verticalAlign": "bottom",
                          }
                        }
                      >
                        Signals Included in Traits
                      </span>
                    </FieldLabel>
                    <FieldLabel
                      label="Signal Category"
                      position="left"
                    >
                      <span
                        style={
                          Object {
                            "verticalAlign": "bottom",
                          }
                        }
                      >
                        Real-Time
                      </span>
                    </FieldLabel>
                    <FieldLabel
                      label="View Records For"
                      position="left"
                    >
                      <span
                        style={
                          Object {
                            "verticalAlign": "bottom",
                          }
                        }
                      >
                        Last 7 Days
                      </span>
                    </FieldLabel>
                  </div>,
                  <Heading
                    className={undefined}
                    size="5"
                  >
                    Sorting
                  </Heading>,
                  <div>
                    Percentage Change
                  </div>,
                ],
                "data-test": "saved-search-popover",
                "open": true,
                "placement": "bottom",
                "title": "Loren Waters",
                "trapFocus": true,
                "variant": "default",
              },
              "ref": null,
              "rendered": Array [
                Object {
                  "instance": null,
                  "key": undefined,
                  "nodeType": "function",
                  "props": Object {
                    "children": "Name",
                    "className": undefined,
                    "size": "5",
                  },
                  "ref": null,
                  "rendered": "Name",
                  "type": [Function],
                },
                Object {
                  "instance": null,
                  "key": undefined,
                  "nodeType": "host",
                  "props": Object {
                    "children": "Loren Waters",
                  },
                  "ref": null,
                  "rendered": "Loren Waters",
                  "type": "div",
                },
                Object {
                  "instance": null,
                  "key": undefined,
                  "nodeType": "function",
                  "props": Object {
                    "children": "Search Query",
                    "className": undefined,
                    "size": "5",
                  },
                  "ref": null,
                  "rendered": "Search Query",
                  "type": [Function],
                },
                Object {
                  "instance": null,
                  "key": undefined,
                  "nodeType": "host",
                  "props": Object {
                    "children": "\\"k-Licensed\\">=\\"67425\\" AND \\"k-Gorgeous Wooden Shirt\\"<=\\"98397\\"",
                  },
                  "ref": null,
                  "rendered": "\\"k-Licensed\\">=\\"67425\\" AND \\"k-Gorgeous Wooden Shirt\\"<=\\"98397\\"",
                  "type": "div",
                },
                Object {
                  "instance": null,
                  "key": undefined,
                  "nodeType": "function",
                  "props": Object {
                    "children": "Filters",
                    "className": undefined,
                    "size": "5",
                  },
                  "ref": null,
                  "rendered": "Filters",
                  "type": [Function],
                },
                Object {
                  "instance": null,
                  "key": undefined,
                  "nodeType": "host",
                  "props": Object {
                    "children": Array [
                      <FieldLabel
                        label="Signal Status"
                        position="left"
                      >
                        <span
                          style={
                            Object {
                              "verticalAlign": "bottom",
                            }
                          }
                        >
                          Signals Included in Traits
                        </span>
                      </FieldLabel>,
                      <FieldLabel
                        label="Signal Category"
                        position="left"
                      >
                        <span
                          style={
                            Object {
                              "verticalAlign": "bottom",
                            }
                          }
                        >
                          Real-Time
                        </span>
                      </FieldLabel>,
                      null,
                      null,
                      <FieldLabel
                        label="View Records For"
                        position="left"
                      >
                        <span
                          style={
                            Object {
                              "verticalAlign": "bottom",
                            }
                          }
                        >
                          Last 7 Days
                        </span>
                      </FieldLabel>,
                    ],
                  },
                  "ref": null,
                  "rendered": Array [
                    Object {
                      "instance": null,
                      "key": undefined,
                      "nodeType": "function",
                      "props": Object {
                        "children": <span
                          style={
                            Object {
                              "verticalAlign": "bottom",
                            }
                          }
                        >
                          Signals Included in Traits
                        </span>,
                        "label": "Signal Status",
                        "position": "left",
                      },
                      "ref": null,
                      "rendered": Object {
                        "instance": null,
                        "key": undefined,
                        "nodeType": "host",
                        "props": Object {
                          "children": "Signals Included in Traits",
                          "style": Object {
                            "verticalAlign": "bottom",
                          },
                        },
                        "ref": null,
                        "rendered": "Signals Included in Traits",
                        "type": "span",
                      },
                      "type": [Function],
                    },
                    Object {
                      "instance": null,
                      "key": undefined,
                      "nodeType": "function",
                      "props": Object {
                        "children": <span
                          style={
                            Object {
                              "verticalAlign": "bottom",
                            }
                          }
                        >
                          Real-Time
                        </span>,
                        "label": "Signal Category",
                        "position": "left",
                      },
                      "ref": null,
                      "rendered": Object {
                        "instance": null,
                        "key": undefined,
                        "nodeType": "host",
                        "props": Object {
                          "children": "Real-Time",
                          "style": Object {
                            "verticalAlign": "bottom",
                          },
                        },
                        "ref": null,
                        "rendered": "Real-Time",
                        "type": "span",
                      },
                      "type": [Function],
                    },
                    null,
                    null,
                    Object {
                      "instance": null,
                      "key": undefined,
                      "nodeType": "function",
                      "props": Object {
                        "children": <span
                          style={
                            Object {
                              "verticalAlign": "bottom",
                            }
                          }
                        >
                          Last 7 Days
                        </span>,
                        "label": "View Records For",
                        "position": "left",
                      },
                      "ref": null,
                      "rendered": Object {
                        "instance": null,
                        "key": undefined,
                        "nodeType": "host",
                        "props": Object {
                          "children": "Last 7 Days",
                          "style": Object {
                            "verticalAlign": "bottom",
                          },
                        },
                        "ref": null,
                        "rendered": "Last 7 Days",
                        "type": "span",
                      },
                      "type": [Function],
                    },
                  ],
                  "type": "div",
                },
                Object {
                  "instance": null,
                  "key": undefined,
                  "nodeType": "function",
                  "props": Object {
                    "children": "Sorting",
                    "className": undefined,
                    "size": "5",
                  },
                  "ref": null,
                  "rendered": "Sorting",
                  "type": [Function],
                },
                Object {
                  "instance": null,
                  "key": undefined,
                  "nodeType": "host",
                  "props": Object {
                    "children": "Percentage Change",
                  },
                  "ref": null,
                  "rendered": "Percentage Change",
                  "type": "div",
                },
              ],
              "type": [Function],
            },
          ],
          "type": [Function],
        },
        false,
      ],
      "type": "span",
    },
  ],
  Symbol(enzyme.__options__): Object {
    "adapter": ReactSixteenAdapter {
      "options": Object {
        "enableComponentDidUpdateOnSetState": true,
      },
    },
    "context": Object {
      "intl": Object {
        "defaultFormats": Object {},
        "defaultLocale": "en",
        "formatDate": [Function],
        "formatHTMLMessage": [Function],
        "formatMessage": [Function],
        "formatNumber": [Function],
        "formatPlural": [Function],
        "formatRelative": [Function],
        "formatTime": [Function],
        "formats": Object {},
        "formatters": Object {
          "getDateTimeFormat": [Function],
          "getMessageFormat": [Function],
          "getNumberFormat": [Function],
          "getPluralFormat": [Function],
          "getRelativeFormat": [Function],
        },
        "locale": "en",
        "messages": Object {
          "components.Layout.title": "Signals",
        },
        "now": [Function],
        "textComponent": "span",
      },
    },
  },
}
`;
