// Jest Snapshot v1, https://goo.gl/fbAQLP

exports[`<SaveSearchExecutionContent /> component rendering when Checkbox is unchecked matches snapshot 1`] = `
ShallowWrapper {
  Symbol(enzyme.__root__): [Circular],
  Symbol(enzyme.__unrendered__): <SaveSearchExecutionContent
    onDefaultSortingChange={[Function]}
    onSaveSearchNameChange={[Function]}
    onSortingOrderChange={[Function]}
    onTrackResultInDashboardChange={[Function]}
/>,
  Symbol(enzyme.__renderer__): Object {
    "batchedUpdates": [Function],
    "getNode": [Function],
    "render": [Function],
    "simulateEvent": [Function],
    "unmount": [Function],
  },
  Symbol(enzyme.__node__): Object {
    "instance": null,
    "key": undefined,
    "nodeType": "host",
    "props": Object {
      "children": Array [
        <Label
          labelFor="Save This Search"
          value="Name (Required)"
>
          <Textfield
                    autoFocus={false}
                    className="contentTextField"
                    data-test="save-this-search-name-field"
                    disabled={false}
                    invalid={false}
                    onChange={[Function]}
                    placeholder="Enter a name for this saved search"
                    quiet={true}
                    readOnly={false}
                    required={true}
          />
</Label>,
        <div
          className="contentCheckBox"
>
          <Checkbox
                    checked={false}
                    data-test="save-this-search-checkbox"
                    indeterminate={false}
                    label="Track this search result in dashboard"
                    onChange={[Function]}
          />
</div>,
        <Label
          labelFor="Default Sorting"
          value="Default Sorting"
>
          <Select
                    data-test="save-this-search-sort-column"
                    defaultValue="totalCount"
                    onChange={[Function]}
                    options={
                              Array [
                                        Object {
                                          "label": "Total Counts",
                                          "value": "totalCount",
                                        },
                                        Object {
                                          "label": "Percentage Change",
                                          "value": "percentageChange",
                                        },
                                        Object {
                                          "label": "Key Name",
                                          "value": "keyValuePairs",
                                        },
                                      ]
                    }
          />
          <div
                    className="contentRadioGroup"
          >
                    <RadioGroup
                              data-test="save-this-search-sort-direction"
                              labelsBelow={false}
                              onChange={[Function]}
                              vertical={false}
                    >
                              <Radio
                                        checked={true}
                                        data-test="save-this-search-sort-descending"
                                        label="Descending"
                                        onChange={[Function]}
                                        value="descending"
                              />
                              <Radio
                                        checked={false}
                                        data-test="save-this-search-sort-ascending"
                                        label="Ascending"
                                        onChange={[Function]}
                                        value="ascending"
                              />
                    </RadioGroup>
          </div>
</Label>,
      ],
      "data-test": "save-this-search-dialog-content",
    },
    "ref": null,
    "rendered": Array [
      Object {
        "instance": null,
        "key": undefined,
        "nodeType": "function",
        "props": Object {
          "children": <Textfield
            autoFocus={false}
            className="contentTextField"
            data-test="save-this-search-name-field"
            disabled={false}
            invalid={false}
            onChange={[Function]}
            placeholder="Enter a name for this saved search"
            quiet={true}
            readOnly={false}
            required={true}
/>,
          "labelFor": "Save This Search",
          "value": "Name (Required)",
        },
        "ref": null,
        "rendered": Object {
          "instance": null,
          "key": undefined,
          "nodeType": "class",
          "props": Object {
            "autoFocus": false,
            "className": "contentTextField",
            "data-test": "save-this-search-name-field",
            "disabled": false,
            "invalid": false,
            "onChange": [Function],
            "placeholder": "Enter a name for this saved search",
            "quiet": true,
            "readOnly": false,
            "required": true,
          },
          "ref": null,
          "rendered": null,
          "type": [Function],
        },
        "type": [Function],
      },
      Object {
        "instance": null,
        "key": undefined,
        "nodeType": "host",
        "props": Object {
          "children": <Checkbox
            checked={false}
            data-test="save-this-search-checkbox"
            indeterminate={false}
            label="Track this search result in dashboard"
            onChange={[Function]}
/>,
          "className": "contentCheckBox",
        },
        "ref": null,
        "rendered": Object {
          "instance": null,
          "key": undefined,
          "nodeType": "class",
          "props": Object {
            "checked": false,
            "data-test": "save-this-search-checkbox",
            "indeterminate": false,
            "label": "Track this search result in dashboard",
            "onChange": [Function],
          },
          "ref": null,
          "rendered": null,
          "type": [Function],
        },
        "type": "div",
      },
      Object {
        "instance": null,
        "key": undefined,
        "nodeType": "function",
        "props": Object {
          "children": Array [
            <Select
              data-test="save-this-search-sort-column"
              defaultValue="totalCount"
              onChange={[Function]}
              options={
                            Array [
                                          Object {
                                            "label": "Total Counts",
                                            "value": "totalCount",
                                          },
                                          Object {
                                            "label": "Percentage Change",
                                            "value": "percentageChange",
                                          },
                                          Object {
                                            "label": "Key Name",
                                            "value": "keyValuePairs",
                                          },
                                        ]
              }
/>,
            <div
              className="contentRadioGroup"
>
              <RadioGroup
                            data-test="save-this-search-sort-direction"
                            labelsBelow={false}
                            onChange={[Function]}
                            vertical={false}
              >
                            <Radio
                                          checked={true}
                                          data-test="save-this-search-sort-descending"
                                          label="Descending"
                                          onChange={[Function]}
                                          value="descending"
                            />
                            <Radio
                                          checked={false}
                                          data-test="save-this-search-sort-ascending"
                                          label="Ascending"
                                          onChange={[Function]}
                                          value="ascending"
                            />
              </RadioGroup>
</div>,
          ],
          "labelFor": "Default Sorting",
          "value": "Default Sorting",
        },
        "ref": null,
        "rendered": Array [
          Object {
            "instance": null,
            "key": undefined,
            "nodeType": "class",
            "props": Object {
              "data-test": "save-this-search-sort-column",
              "defaultValue": "totalCount",
              "onChange": [Function],
              "options": Array [
                Object {
                  "label": "Total Counts",
                  "value": "totalCount",
                },
                Object {
                  "label": "Percentage Change",
                  "value": "percentageChange",
                },
                Object {
                  "label": "Key Name",
                  "value": "keyValuePairs",
                },
              ],
            },
            "ref": null,
            "rendered": null,
            "type": [Function],
          },
          Object {
            "instance": null,
            "key": undefined,
            "nodeType": "host",
            "props": Object {
              "children": <RadioGroup
                data-test="save-this-search-sort-direction"
                labelsBelow={false}
                onChange={[Function]}
                vertical={false}
>
                <Radio
                                checked={true}
                                data-test="save-this-search-sort-descending"
                                label="Descending"
                                onChange={[Function]}
                                value="descending"
                />
                <Radio
                                checked={false}
                                data-test="save-this-search-sort-ascending"
                                label="Ascending"
                                onChange={[Function]}
                                value="ascending"
                />
</RadioGroup>,
              "className": "contentRadioGroup",
            },
            "ref": null,
            "rendered": Object {
              "instance": null,
              "key": undefined,
              "nodeType": "class",
              "props": Object {
                "children": Array [
                  <Radio
                    checked={true}
                    data-test="save-this-search-sort-descending"
                    label="Descending"
                    onChange={[Function]}
                    value="descending"
/>,
                  <Radio
                    checked={false}
                    data-test="save-this-search-sort-ascending"
                    label="Ascending"
                    onChange={[Function]}
                    value="ascending"
/>,
                ],
                "data-test": "save-this-search-sort-direction",
                "labelsBelow": false,
                "onChange": [Function],
                "vertical": false,
              },
              "ref": null,
              "rendered": Array [
                Object {
                  "instance": null,
                  "key": "descending",
                  "nodeType": "function",
                  "props": Object {
                    "checked": true,
                    "data-test": "save-this-search-sort-descending",
                    "label": "Descending",
                    "onChange": [Function],
                    "value": "descending",
                  },
                  "ref": null,
                  "rendered": null,
                  "type": [Function],
                },
                Object {
                  "instance": null,
                  "key": "ascending",
                  "nodeType": "function",
                  "props": Object {
                    "checked": false,
                    "data-test": "save-this-search-sort-ascending",
                    "label": "Ascending",
                    "onChange": [Function],
                    "value": "ascending",
                  },
                  "ref": null,
                  "rendered": null,
                  "type": [Function],
                },
              ],
              "type": [Function],
            },
            "type": "div",
          },
        ],
        "type": [Function],
      },
    ],
    "type": "div",
  },
  Symbol(enzyme.__nodes__): Array [
    Object {
      "instance": null,
      "key": undefined,
      "nodeType": "host",
      "props": Object {
        "children": Array [
          <Label
            labelFor="Save This Search"
            value="Name (Required)"
>
            <Textfield
                        autoFocus={false}
                        className="contentTextField"
                        data-test="save-this-search-name-field"
                        disabled={false}
                        invalid={false}
                        onChange={[Function]}
                        placeholder="Enter a name for this saved search"
                        quiet={true}
                        readOnly={false}
                        required={true}
            />
</Label>,
          <div
            className="contentCheckBox"
>
            <Checkbox
                        checked={false}
                        data-test="save-this-search-checkbox"
                        indeterminate={false}
                        label="Track this search result in dashboard"
                        onChange={[Function]}
            />
</div>,
          <Label
            labelFor="Default Sorting"
            value="Default Sorting"
>
            <Select
                        data-test="save-this-search-sort-column"
                        defaultValue="totalCount"
                        onChange={[Function]}
                        options={
                                    Array [
                                                Object {
                                                  "label": "Total Counts",
                                                  "value": "totalCount",
                                                },
                                                Object {
                                                  "label": "Percentage Change",
                                                  "value": "percentageChange",
                                                },
                                                Object {
                                                  "label": "Key Name",
                                                  "value": "keyValuePairs",
                                                },
                                              ]
                        }
            />
            <div
                        className="contentRadioGroup"
            >
                        <RadioGroup
                                    data-test="save-this-search-sort-direction"
                                    labelsBelow={false}
                                    onChange={[Function]}
                                    vertical={false}
                        >
                                    <Radio
                                                checked={true}
                                                data-test="save-this-search-sort-descending"
                                                label="Descending"
                                                onChange={[Function]}
                                                value="descending"
                                    />
                                    <Radio
                                                checked={false}
                                                data-test="save-this-search-sort-ascending"
                                                label="Ascending"
                                                onChange={[Function]}
                                                value="ascending"
                                    />
                        </RadioGroup>
            </div>
</Label>,
        ],
        "data-test": "save-this-search-dialog-content",
      },
      "ref": null,
      "rendered": Array [
        Object {
          "instance": null,
          "key": undefined,
          "nodeType": "function",
          "props": Object {
            "children": <Textfield
              autoFocus={false}
              className="contentTextField"
              data-test="save-this-search-name-field"
              disabled={false}
              invalid={false}
              onChange={[Function]}
              placeholder="Enter a name for this saved search"
              quiet={true}
              readOnly={false}
              required={true}
/>,
            "labelFor": "Save This Search",
            "value": "Name (Required)",
          },
          "ref": null,
          "rendered": Object {
            "instance": null,
            "key": undefined,
            "nodeType": "class",
            "props": Object {
              "autoFocus": false,
              "className": "contentTextField",
              "data-test": "save-this-search-name-field",
              "disabled": false,
              "invalid": false,
              "onChange": [Function],
              "placeholder": "Enter a name for this saved search",
              "quiet": true,
              "readOnly": false,
              "required": true,
            },
            "ref": null,
            "rendered": null,
            "type": [Function],
          },
          "type": [Function],
        },
        Object {
          "instance": null,
          "key": undefined,
          "nodeType": "host",
          "props": Object {
            "children": <Checkbox
              checked={false}
              data-test="save-this-search-checkbox"
              indeterminate={false}
              label="Track this search result in dashboard"
              onChange={[Function]}
/>,
            "className": "contentCheckBox",
          },
          "ref": null,
          "rendered": Object {
            "instance": null,
            "key": undefined,
            "nodeType": "class",
            "props": Object {
              "checked": false,
              "data-test": "save-this-search-checkbox",
              "indeterminate": false,
              "label": "Track this search result in dashboard",
              "onChange": [Function],
            },
            "ref": null,
            "rendered": null,
            "type": [Function],
          },
          "type": "div",
        },
        Object {
          "instance": null,
          "key": undefined,
          "nodeType": "function",
          "props": Object {
            "children": Array [
              <Select
                data-test="save-this-search-sort-column"
                defaultValue="totalCount"
                onChange={[Function]}
                options={
                                Array [
                                                Object {
                                                  "label": "Total Counts",
                                                  "value": "totalCount",
                                                },
                                                Object {
                                                  "label": "Percentage Change",
                                                  "value": "percentageChange",
                                                },
                                                Object {
                                                  "label": "Key Name",
                                                  "value": "keyValuePairs",
                                                },
                                              ]
                }
/>,
              <div
                className="contentRadioGroup"
>
                <RadioGroup
                                data-test="save-this-search-sort-direction"
                                labelsBelow={false}
                                onChange={[Function]}
                                vertical={false}
                >
                                <Radio
                                                checked={true}
                                                data-test="save-this-search-sort-descending"
                                                label="Descending"
                                                onChange={[Function]}
                                                value="descending"
                                />
                                <Radio
                                                checked={false}
                                                data-test="save-this-search-sort-ascending"
                                                label="Ascending"
                                                onChange={[Function]}
                                                value="ascending"
                                />
                </RadioGroup>
</div>,
            ],
            "labelFor": "Default Sorting",
            "value": "Default Sorting",
          },
          "ref": null,
          "rendered": Array [
            Object {
              "instance": null,
              "key": undefined,
              "nodeType": "class",
              "props": Object {
                "data-test": "save-this-search-sort-column",
                "defaultValue": "totalCount",
                "onChange": [Function],
                "options": Array [
                  Object {
                    "label": "Total Counts",
                    "value": "totalCount",
                  },
                  Object {
                    "label": "Percentage Change",
                    "value": "percentageChange",
                  },
                  Object {
                    "label": "Key Name",
                    "value": "keyValuePairs",
                  },
                ],
              },
              "ref": null,
              "rendered": null,
              "type": [Function],
            },
            Object {
              "instance": null,
              "key": undefined,
              "nodeType": "host",
              "props": Object {
                "children": <RadioGroup
                  data-test="save-this-search-sort-direction"
                  labelsBelow={false}
                  onChange={[Function]}
                  vertical={false}
>
                  <Radio
                                    checked={true}
                                    data-test="save-this-search-sort-descending"
                                    label="Descending"
                                    onChange={[Function]}
                                    value="descending"
                  />
                  <Radio
                                    checked={false}
                                    data-test="save-this-search-sort-ascending"
                                    label="Ascending"
                                    onChange={[Function]}
                                    value="ascending"
                  />
</RadioGroup>,
                "className": "contentRadioGroup",
              },
              "ref": null,
              "rendered": Object {
                "instance": null,
                "key": undefined,
                "nodeType": "class",
                "props": Object {
                  "children": Array [
                    <Radio
                      checked={true}
                      data-test="save-this-search-sort-descending"
                      label="Descending"
                      onChange={[Function]}
                      value="descending"
/>,
                    <Radio
                      checked={false}
                      data-test="save-this-search-sort-ascending"
                      label="Ascending"
                      onChange={[Function]}
                      value="ascending"
/>,
                  ],
                  "data-test": "save-this-search-sort-direction",
                  "labelsBelow": false,
                  "onChange": [Function],
                  "vertical": false,
                },
                "ref": null,
                "rendered": Array [
                  Object {
                    "instance": null,
                    "key": "descending",
                    "nodeType": "function",
                    "props": Object {
                      "checked": true,
                      "data-test": "save-this-search-sort-descending",
                      "label": "Descending",
                      "onChange": [Function],
                      "value": "descending",
                    },
                    "ref": null,
                    "rendered": null,
                    "type": [Function],
                  },
                  Object {
                    "instance": null,
                    "key": "ascending",
                    "nodeType": "function",
                    "props": Object {
                      "checked": false,
                      "data-test": "save-this-search-sort-ascending",
                      "label": "Ascending",
                      "onChange": [Function],
                      "value": "ascending",
                    },
                    "ref": null,
                    "rendered": null,
                    "type": [Function],
                  },
                ],
                "type": [Function],
              },
              "type": "div",
            },
          ],
          "type": [Function],
        },
      ],
      "type": "div",
    },
  ],
  Symbol(enzyme.__options__): Object {
    "adapter": ReactSixteenAdapter {
      "options": Object {
        "enableComponentDidUpdateOnSetState": true,
        "lifecycles": Object {
          "componentDidUpdate": Object {
            "onSetState": true,
          },
          "getSnapshotBeforeUpdate": true,
        },
      },
    },
    "attachTo": undefined,
    "hydrateIn": undefined,
  },
}
`;

exports[`<SaveSearchExecutionContent /> component when Checkbox is checked state.isTrackInDashboardChecked is updated to true  1`] = `
ShallowWrapper {
  Symbol(enzyme.__root__): [Circular],
  Symbol(enzyme.__unrendered__): <SaveSearchExecutionContent
    onDefaultSortingChange={[Function]}
    onSaveSearchNameChange={[Function]}
    onSortingOrderChange={[Function]}
    onTrackResultInDashboardChange={[Function]}
/>,
  Symbol(enzyme.__renderer__): Object {
    "batchedUpdates": [Function],
    "getNode": [Function],
    "render": [Function],
    "simulateEvent": [Function],
    "unmount": [Function],
  },
  Symbol(enzyme.__node__): Object {
    "instance": null,
    "key": undefined,
    "nodeType": "host",
    "props": Object {
      "children": Array [
        <Label
          labelFor="Save This Search"
          value="Name (Required)"
>
          <Textfield
                    autoFocus={false}
                    className="contentTextField"
                    data-test="save-this-search-name-field"
                    disabled={false}
                    invalid={false}
                    onChange={[Function]}
                    placeholder="Enter a name for this saved search"
                    quiet={true}
                    readOnly={false}
                    required={true}
          />
</Label>,
        <div
          className="contentCheckBox"
>
          <Checkbox
                    checked={true}
                    data-test="save-this-search-checkbox"
                    indeterminate={false}
                    label="Track this search result in dashboard"
                    onChange={[Function]}
          />
</div>,
        <Label
          labelFor="Default Sorting"
          value="Default Sorting"
>
          <Select
                    data-test="save-this-search-sort-column"
                    defaultValue="totalCount"
                    onChange={[Function]}
                    options={
                              Array [
                                        Object {
                                          "label": "Total Counts",
                                          "value": "totalCount",
                                        },
                                        Object {
                                          "label": "Percentage Change",
                                          "value": "percentageChange",
                                        },
                                        Object {
                                          "label": "Key Name",
                                          "value": "keyValuePairs",
                                        },
                                      ]
                    }
          />
          <div
                    className="contentRadioGroup"
          >
                    <RadioGroup
                              data-test="save-this-search-sort-direction"
                              labelsBelow={false}
                              onChange={[Function]}
                              vertical={false}
                    >
                              <Radio
                                        checked={true}
                                        data-test="save-this-search-sort-descending"
                                        label="Descending"
                                        onChange={[Function]}
                                        value="descending"
                              />
                              <Radio
                                        checked={false}
                                        data-test="save-this-search-sort-ascending"
                                        label="Ascending"
                                        onChange={[Function]}
                                        value="ascending"
                              />
                    </RadioGroup>
          </div>
</Label>,
      ],
      "data-test": "save-this-search-dialog-content",
    },
    "ref": null,
    "rendered": Array [
      Object {
        "instance": null,
        "key": undefined,
        "nodeType": "function",
        "props": Object {
          "children": <Textfield
            autoFocus={false}
            className="contentTextField"
            data-test="save-this-search-name-field"
            disabled={false}
            invalid={false}
            onChange={[Function]}
            placeholder="Enter a name for this saved search"
            quiet={true}
            readOnly={false}
            required={true}
/>,
          "labelFor": "Save This Search",
          "value": "Name (Required)",
        },
        "ref": null,
        "rendered": Object {
          "instance": null,
          "key": undefined,
          "nodeType": "class",
          "props": Object {
            "autoFocus": false,
            "className": "contentTextField",
            "data-test": "save-this-search-name-field",
            "disabled": false,
            "invalid": false,
            "onChange": [Function],
            "placeholder": "Enter a name for this saved search",
            "quiet": true,
            "readOnly": false,
            "required": true,
          },
          "ref": null,
          "rendered": null,
          "type": [Function],
        },
        "type": [Function],
      },
      Object {
        "instance": null,
        "key": undefined,
        "nodeType": "host",
        "props": Object {
          "children": <Checkbox
            checked={true}
            data-test="save-this-search-checkbox"
            indeterminate={false}
            label="Track this search result in dashboard"
            onChange={[Function]}
/>,
          "className": "contentCheckBox",
        },
        "ref": null,
        "rendered": Object {
          "instance": null,
          "key": undefined,
          "nodeType": "class",
          "props": Object {
            "checked": true,
            "data-test": "save-this-search-checkbox",
            "indeterminate": false,
            "label": "Track this search result in dashboard",
            "onChange": [Function],
          },
          "ref": null,
          "rendered": null,
          "type": [Function],
        },
        "type": "div",
      },
      Object {
        "instance": null,
        "key": undefined,
        "nodeType": "function",
        "props": Object {
          "children": Array [
            <Select
              data-test="save-this-search-sort-column"
              defaultValue="totalCount"
              onChange={[Function]}
              options={
                            Array [
                                          Object {
                                            "label": "Total Counts",
                                            "value": "totalCount",
                                          },
                                          Object {
                                            "label": "Percentage Change",
                                            "value": "percentageChange",
                                          },
                                          Object {
                                            "label": "Key Name",
                                            "value": "keyValuePairs",
                                          },
                                        ]
              }
/>,
            <div
              className="contentRadioGroup"
>
              <RadioGroup
                            data-test="save-this-search-sort-direction"
                            labelsBelow={false}
                            onChange={[Function]}
                            vertical={false}
              >
                            <Radio
                                          checked={true}
                                          data-test="save-this-search-sort-descending"
                                          label="Descending"
                                          onChange={[Function]}
                                          value="descending"
                            />
                            <Radio
                                          checked={false}
                                          data-test="save-this-search-sort-ascending"
                                          label="Ascending"
                                          onChange={[Function]}
                                          value="ascending"
                            />
              </RadioGroup>
</div>,
          ],
          "labelFor": "Default Sorting",
          "value": "Default Sorting",
        },
        "ref": null,
        "rendered": Array [
          Object {
            "instance": null,
            "key": undefined,
            "nodeType": "class",
            "props": Object {
              "data-test": "save-this-search-sort-column",
              "defaultValue": "totalCount",
              "onChange": [Function],
              "options": Array [
                Object {
                  "label": "Total Counts",
                  "value": "totalCount",
                },
                Object {
                  "label": "Percentage Change",
                  "value": "percentageChange",
                },
                Object {
                  "label": "Key Name",
                  "value": "keyValuePairs",
                },
              ],
            },
            "ref": null,
            "rendered": null,
            "type": [Function],
          },
          Object {
            "instance": null,
            "key": undefined,
            "nodeType": "host",
            "props": Object {
              "children": <RadioGroup
                data-test="save-this-search-sort-direction"
                labelsBelow={false}
                onChange={[Function]}
                vertical={false}
>
                <Radio
                                checked={true}
                                data-test="save-this-search-sort-descending"
                                label="Descending"
                                onChange={[Function]}
                                value="descending"
                />
                <Radio
                                checked={false}
                                data-test="save-this-search-sort-ascending"
                                label="Ascending"
                                onChange={[Function]}
                                value="ascending"
                />
</RadioGroup>,
              "className": "contentRadioGroup",
            },
            "ref": null,
            "rendered": Object {
              "instance": null,
              "key": undefined,
              "nodeType": "class",
              "props": Object {
                "children": Array [
                  <Radio
                    checked={true}
                    data-test="save-this-search-sort-descending"
                    label="Descending"
                    onChange={[Function]}
                    value="descending"
/>,
                  <Radio
                    checked={false}
                    data-test="save-this-search-sort-ascending"
                    label="Ascending"
                    onChange={[Function]}
                    value="ascending"
/>,
                ],
                "data-test": "save-this-search-sort-direction",
                "labelsBelow": false,
                "onChange": [Function],
                "vertical": false,
              },
              "ref": null,
              "rendered": Array [
                Object {
                  "instance": null,
                  "key": "descending",
                  "nodeType": "function",
                  "props": Object {
                    "checked": true,
                    "data-test": "save-this-search-sort-descending",
                    "label": "Descending",
                    "onChange": [Function],
                    "value": "descending",
                  },
                  "ref": null,
                  "rendered": null,
                  "type": [Function],
                },
                Object {
                  "instance": null,
                  "key": "ascending",
                  "nodeType": "function",
                  "props": Object {
                    "checked": false,
                    "data-test": "save-this-search-sort-ascending",
                    "label": "Ascending",
                    "onChange": [Function],
                    "value": "ascending",
                  },
                  "ref": null,
                  "rendered": null,
                  "type": [Function],
                },
              ],
              "type": [Function],
            },
            "type": "div",
          },
        ],
        "type": [Function],
      },
    ],
    "type": "div",
  },
  Symbol(enzyme.__nodes__): Array [
    Object {
      "instance": null,
      "key": undefined,
      "nodeType": "host",
      "props": Object {
        "children": Array [
          <Label
            labelFor="Save This Search"
            value="Name (Required)"
>
            <Textfield
                        autoFocus={false}
                        className="contentTextField"
                        data-test="save-this-search-name-field"
                        disabled={false}
                        invalid={false}
                        onChange={[Function]}
                        placeholder="Enter a name for this saved search"
                        quiet={true}
                        readOnly={false}
                        required={true}
            />
</Label>,
          <div
            className="contentCheckBox"
>
            <Checkbox
                        checked={true}
                        data-test="save-this-search-checkbox"
                        indeterminate={false}
                        label="Track this search result in dashboard"
                        onChange={[Function]}
            />
</div>,
          <Label
            labelFor="Default Sorting"
            value="Default Sorting"
>
            <Select
                        data-test="save-this-search-sort-column"
                        defaultValue="totalCount"
                        onChange={[Function]}
                        options={
                                    Array [
                                                Object {
                                                  "label": "Total Counts",
                                                  "value": "totalCount",
                                                },
                                                Object {
                                                  "label": "Percentage Change",
                                                  "value": "percentageChange",
                                                },
                                                Object {
                                                  "label": "Key Name",
                                                  "value": "keyValuePairs",
                                                },
                                              ]
                        }
            />
            <div
                        className="contentRadioGroup"
            >
                        <RadioGroup
                                    data-test="save-this-search-sort-direction"
                                    labelsBelow={false}
                                    onChange={[Function]}
                                    vertical={false}
                        >
                                    <Radio
                                                checked={true}
                                                data-test="save-this-search-sort-descending"
                                                label="Descending"
                                                onChange={[Function]}
                                                value="descending"
                                    />
                                    <Radio
                                                checked={false}
                                                data-test="save-this-search-sort-ascending"
                                                label="Ascending"
                                                onChange={[Function]}
                                                value="ascending"
                                    />
                        </RadioGroup>
            </div>
</Label>,
        ],
        "data-test": "save-this-search-dialog-content",
      },
      "ref": null,
      "rendered": Array [
        Object {
          "instance": null,
          "key": undefined,
          "nodeType": "function",
          "props": Object {
            "children": <Textfield
              autoFocus={false}
              className="contentTextField"
              data-test="save-this-search-name-field"
              disabled={false}
              invalid={false}
              onChange={[Function]}
              placeholder="Enter a name for this saved search"
              quiet={true}
              readOnly={false}
              required={true}
/>,
            "labelFor": "Save This Search",
            "value": "Name (Required)",
          },
          "ref": null,
          "rendered": Object {
            "instance": null,
            "key": undefined,
            "nodeType": "class",
            "props": Object {
              "autoFocus": false,
              "className": "contentTextField",
              "data-test": "save-this-search-name-field",
              "disabled": false,
              "invalid": false,
              "onChange": [Function],
              "placeholder": "Enter a name for this saved search",
              "quiet": true,
              "readOnly": false,
              "required": true,
            },
            "ref": null,
            "rendered": null,
            "type": [Function],
          },
          "type": [Function],
        },
        Object {
          "instance": null,
          "key": undefined,
          "nodeType": "host",
          "props": Object {
            "children": <Checkbox
              checked={true}
              data-test="save-this-search-checkbox"
              indeterminate={false}
              label="Track this search result in dashboard"
              onChange={[Function]}
/>,
            "className": "contentCheckBox",
          },
          "ref": null,
          "rendered": Object {
            "instance": null,
            "key": undefined,
            "nodeType": "class",
            "props": Object {
              "checked": true,
              "data-test": "save-this-search-checkbox",
              "indeterminate": false,
              "label": "Track this search result in dashboard",
              "onChange": [Function],
            },
            "ref": null,
            "rendered": null,
            "type": [Function],
          },
          "type": "div",
        },
        Object {
          "instance": null,
          "key": undefined,
          "nodeType": "function",
          "props": Object {
            "children": Array [
              <Select
                data-test="save-this-search-sort-column"
                defaultValue="totalCount"
                onChange={[Function]}
                options={
                                Array [
                                                Object {
                                                  "label": "Total Counts",
                                                  "value": "totalCount",
                                                },
                                                Object {
                                                  "label": "Percentage Change",
                                                  "value": "percentageChange",
                                                },
                                                Object {
                                                  "label": "Key Name",
                                                  "value": "keyValuePairs",
                                                },
                                              ]
                }
/>,
              <div
                className="contentRadioGroup"
>
                <RadioGroup
                                data-test="save-this-search-sort-direction"
                                labelsBelow={false}
                                onChange={[Function]}
                                vertical={false}
                >
                                <Radio
                                                checked={true}
                                                data-test="save-this-search-sort-descending"
                                                label="Descending"
                                                onChange={[Function]}
                                                value="descending"
                                />
                                <Radio
                                                checked={false}
                                                data-test="save-this-search-sort-ascending"
                                                label="Ascending"
                                                onChange={[Function]}
                                                value="ascending"
                                />
                </RadioGroup>
</div>,
            ],
            "labelFor": "Default Sorting",
            "value": "Default Sorting",
          },
          "ref": null,
          "rendered": Array [
            Object {
              "instance": null,
              "key": undefined,
              "nodeType": "class",
              "props": Object {
                "data-test": "save-this-search-sort-column",
                "defaultValue": "totalCount",
                "onChange": [Function],
                "options": Array [
                  Object {
                    "label": "Total Counts",
                    "value": "totalCount",
                  },
                  Object {
                    "label": "Percentage Change",
                    "value": "percentageChange",
                  },
                  Object {
                    "label": "Key Name",
                    "value": "keyValuePairs",
                  },
                ],
              },
              "ref": null,
              "rendered": null,
              "type": [Function],
            },
            Object {
              "instance": null,
              "key": undefined,
              "nodeType": "host",
              "props": Object {
                "children": <RadioGroup
                  data-test="save-this-search-sort-direction"
                  labelsBelow={false}
                  onChange={[Function]}
                  vertical={false}
>
                  <Radio
                                    checked={true}
                                    data-test="save-this-search-sort-descending"
                                    label="Descending"
                                    onChange={[Function]}
                                    value="descending"
                  />
                  <Radio
                                    checked={false}
                                    data-test="save-this-search-sort-ascending"
                                    label="Ascending"
                                    onChange={[Function]}
                                    value="ascending"
                  />
</RadioGroup>,
                "className": "contentRadioGroup",
              },
              "ref": null,
              "rendered": Object {
                "instance": null,
                "key": undefined,
                "nodeType": "class",
                "props": Object {
                  "children": Array [
                    <Radio
                      checked={true}
                      data-test="save-this-search-sort-descending"
                      label="Descending"
                      onChange={[Function]}
                      value="descending"
/>,
                    <Radio
                      checked={false}
                      data-test="save-this-search-sort-ascending"
                      label="Ascending"
                      onChange={[Function]}
                      value="ascending"
/>,
                  ],
                  "data-test": "save-this-search-sort-direction",
                  "labelsBelow": false,
                  "onChange": [Function],
                  "vertical": false,
                },
                "ref": null,
                "rendered": Array [
                  Object {
                    "instance": null,
                    "key": "descending",
                    "nodeType": "function",
                    "props": Object {
                      "checked": true,
                      "data-test": "save-this-search-sort-descending",
                      "label": "Descending",
                      "onChange": [Function],
                      "value": "descending",
                    },
                    "ref": null,
                    "rendered": null,
                    "type": [Function],
                  },
                  Object {
                    "instance": null,
                    "key": "ascending",
                    "nodeType": "function",
                    "props": Object {
                      "checked": false,
                      "data-test": "save-this-search-sort-ascending",
                      "label": "Ascending",
                      "onChange": [Function],
                      "value": "ascending",
                    },
                    "ref": null,
                    "rendered": null,
                    "type": [Function],
                  },
                ],
                "type": [Function],
              },
              "type": "div",
            },
          ],
          "type": [Function],
        },
      ],
      "type": "div",
    },
  ],
  Symbol(enzyme.__options__): Object {
    "adapter": ReactSixteenAdapter {
      "options": Object {
        "enableComponentDidUpdateOnSetState": true,
        "lifecycles": Object {
          "componentDidUpdate": Object {
            "onSetState": true,
          },
          "getSnapshotBeforeUpdate": true,
        },
      },
    },
    "attachTo": undefined,
    "hydrateIn": undefined,
  },
}
`;
